Niko sees the lifted hand.

For a moment he does nothing. Rain stipples the loading arcade between you, turning the freight floor into a wavering reflection of lamps, boots, and descending steel. He has the look of someone who has already decided which questions he will not answer.

Then he comes as far as the dispatch-box threshold and stops beneath its lintel.

Kessa does not rise from her chair. “This is a Guild-lit room,” she says. “Not a holding pen. He may stand there. He does not enter my conversation unless I ask him to.”

Niko gives her a brief nod, more recognition than apology. His gaze finds yours.

“I don’t have Ora with me,” he says. “I won’t tell you where she is, where she was, or what she kept. Don’t ask.”

He lets that boundary stand before continuing.

“I did see why I thought you ought to know I was here.” He glances over one shoulder into the rain-lit arcade. “A woman in municipal gray spoke to a lift scheduler two bays down. Asked whether an auditor had come out of the memorial hall carrying paper. The scheduler gave her nothing useful. I watched her leave toward the canal stairs.”

The word *municipal* feels oily in this room. It proves no office, no sponsor, no link to Aster or Sol. It proves only that someone was willing to spend an ordinary question on your outline.

“I’m not asking you to follow her,” Niko says. “And I’m not offering you a route to anybody. I’m telling you because people who want a person isolated usually begin by learning which door she used.”

Kessa’s cup clicks softly against its saucer. She has not taken her eyes from you.

“The dead-book waits,” she says. “So does my receipt. Neither becomes less true because the arcade has developed a shadow.”

Niko’s face closes slightly at that, as if he respects the refusal to let fear turn every obligation into an emergency exit. He places an open palm against the doorframe.

“If you sign,” he says, “keep the paper in your own hand until you decide who has earned it. If you don’t, don’t pretend the token has stopped asking.”

Outside, a freight lift begins its slow climb, carrying a cage of sealed containers through the rain-bright shaft. Kessa’s dead-book sheet lies beneath the amber lamp. Beside it, the narrow Wickglass receipt waits blank, a fact not yet bought with the sentence it requires.

Niko remains at the threshold, available for only the kind of conversation he has chosen to permit.

Choices:
  1. Write the required wet-ink sentence in Wickglass’s dead-book and accept Kessa’s limited receipt about the adjunct inquiry.
  2. Ask Niko exactly what the municipal-gray woman said and what he personally observed, without seeking Ora’s route or receipt.
  3. Decline to sign tonight, keep the token, and leave the Dispatch House before the last freight rotation.
  4. Ask Kessa whether Wickglass will witness your admission without giving you the carrier-pressure receipt.

