Niko’s attention cuts past you.

At the far end of the loading arcade, where the conduit access is recessed beneath a yellow maintenance hood, Ora Pell stands with one shoulder against the jamb. She has changed out of whatever rain gear she wore on the west-conduit leg; her coat is too large through the shoulders and dry only in patches. In one hand she holds a paper cup gone white with steam. A small pleasure, purchased somewhere anonymous, and apparently the only thing in the station she is prepared to let remain simple.

She hears you. Of course she does.

For several seconds she does not come closer. The rain drapes the space between the dispatch box and the conduit door in wavering strands, and the freight lifts make their slow, indifferent ascent behind the glass.

Niko does not turn toward her. He keeps his place at the threshold, but his voice is pitched for you alone.

“Her being there doesn’t amend anything I said.”

“I know,” Ora says.

Her answer is flat, not cruel. She lifts the cup, takes a careful sip, then pushes herself off the jamb. She crosses only far enough to stand on the arcade side of the doorway, exactly where you asked. Her gaze touches Niko first, a brief confirmation between people who have survived the usefulness of not knowing too much. Then it settles on you.

“You get one question,” she says. “Not about the receipt. Not about where I’ve been. Not about where I go after this.”

Her eyes flick to Kessa’s table, to the dead-book sheet under its amber lamp, and back.

“And you don’t get to turn seeing me into proof that anybody’s safe. I stopped for tea. That’s all you can honestly say.”

Kessa leaves the pen where it rests against the bronze token. Her unread Guild indicator pulses once beneath the overturned clasp and goes dark again.

“Nera Voss is still dead,” she says. “Your sentence is still yours.”

Ora’s mouth tightens at that, perhaps in recognition, perhaps simply because she has spent enough of the night watching people try to make urgency outrank consequence.

“You wanted a word,” she tells you. “Spend it carefully.”

Rain whispers over the conduit door. Niko remains between the dispatch house and the rest of the arcade, offering neither endorsement nor interference. On the table, the dead-book waits beside the conditional Wickglass receipt: one narrow account of a refused inquiry into isolating carriers through family obligations, purchasable only at the price Kessa named.

Ora holds her cup in both hands and waits without yielding an inch of the boundary she has drawn.

Choices:
  1. Ask Ora what she needs from you that does not involve the receipt, her route, or her custody.
  2. Ask Ora whether she came because she has seen a new kind of pressure on the people around her.
  3. Write the required wet-ink admission for Nera Voss and receive Kessa’s limited Guild receipt.
  4. Leave the dispatch house without signing, giving Ora and Kessa the distance they have both asked you to respect.

