Ora looks down into her tea. The cup has softened at the seam beneath her fingers; a dark crescent has formed on the concrete below it.

“You caught the tin,” she says. “You did what was needed in that second. That wasn’t nothing.”

Her eyes rise to yours, guarded but present.

“But a rescue story has a shape people like. It gives somebody a rescuer, somebody rescued, and a clean reason to start asking who owes whom afterward. It lets the person who held the door call the next door theirs to choose.”

Niko’s jaw shifts once. He does not dispute her.

“I needed to get out of that bay,” Ora continues. “Niko helped me get out. You caught what I dropped. None of that bought either of you the rest of my night. It doesn’t make my half of the receipt communal property. It doesn’t make me proof that the route was good, or that I’m safe, or that you did enough.”

The freight lift behind the glass reaches a higher deck with a muffled mechanical thud. Rain veils the cage as it opens somewhere above.

“If you want to understand it now,” Ora says, “understand that I left because I chose to leave, and I stopped here because I chose to stop. Tomorrow, I may choose something else. Don’t turn that into a debt you can collect, or a protection claim you can make over me.”

Her gaze flicks toward Kessa’s table.

“And don’t use my being upright to escape what Nera Voss is asking of you. We’ve all watched enough people call their fear urgent so they don’t have to call their harm by its name.”

Kessa does not reach for the dead-book. She merely turns the pen a quarter-turn on the tabletop.

“Plainly put,” she says.

Niko steps back from the threshold, granting Ora the little corridor of space her words have made. “You heard her,” he says. “No route. No receipt. No custody dressed up as concern.”

Ora takes one final sip, then lowers the cup. “That was your one question.”

For an instant her expression eases, though it never becomes trust.

“Make the next thing you do yours,” she says. “Not mine.”

Amber light holds on the dead-book sheet and the bronze token. Beyond the dispatch-box glass, rain turns the loading arcade into a hundred blurred exits.

Choices:
  1. Write the wet-ink admission for Nera Voss in Wickglass’s dead-book and receive Kessa’s limited carrier-pressure receipt.
  2. Ask Kessa to state precisely what Wickglass will and will not preserve if you sign, without asking Ora for anything further.
  3. Thank Ora for the answer, let her leave on her own terms, and return alone to Lantern Quay Memorial Hall.
  4. Leave the Dispatch House before freight rotation and look for the Guild-lit room’s public departure board, keeping clear of Ora and Niko.

