....ss.............................s........ss.............sssssssssssss [ 17%]
sss............................................................ss....... [ 35%]
........sss....................................................ssssss... [ 53%]
..............ss........................................................ [ 71%]
........................................................................ [ 88%]
...ss..ss................................ssss                            [100%]
=============================== warnings summary ===============================
<frozen abc>:106
<frozen abc>:106
  <frozen abc>:106: DeprecationWarning: You should use `Logger` instead. Deprecated since version 1.39.0 and will be removed in a future release.

<frozen abc>:106
<frozen abc>:106
  <frozen abc>:106: DeprecationWarning: You should use `LoggerProvider` instead. Deprecated since version 1.39.0 and will be removed in a future release.

../../../.venv/lib/python3.11/site-packages/opentelemetry/_events/__init__.py:201
  /Users/pythagor/nexus/.venv/lib/python3.11/site-packages/opentelemetry/_events/__init__.py:201: DeprecationWarning: You should use `ProxyLoggerProvider` instead. Deprecated since version 1.39.0 and will be removed in a future release.
    _PROXY_EVENT_LOGGER_PROVIDER = ProxyEventLoggerProvider()

tests/test_memnon_cross_encoder_artifact.py::test_qwen3_loads_its_local_folder_and_scores
  /Users/pythagor/nexus/.venv/lib/python3.11/site-packages/transformers/tokenization_utils_base.py:2718: UserWarning: `max_length` is ignored when `padding`=`True` and there is no truncation strategy. To pad to max length, use `padding='max_length'`.
    warnings.warn(

tests/test_memnon_cross_encoder_dependencies.py::test_sentencepiece_runtime_dependency_available
  <frozen importlib._bootstrap>:241: DeprecationWarning: builtin type SwigPyPacked has no __module__ attribute

tests/test_memnon_cross_encoder_dependencies.py::test_sentencepiece_runtime_dependency_available
  <frozen importlib._bootstrap>:241: DeprecationWarning: builtin type SwigPyObject has no __module__ attribute

-- Docs: https://docs.pytest.org/en/stable/how-to/capture-warnings.html
secret-store guard: active; nexus-api: denied; disposable keychain: denied
363 passed, 42 skipped, 8 warnings in 33.01s
