sssssssssssss..........................................................s [ 13%]
sssssssssssssssssssssssssssssssssssssssssssssssss....................... [ 26%]
.........................................................sssssssssssssss [ 39%]
ss.........................................................s.ssssss..... [ 52%]
........................................................................ [ 66%]
...............................s.....ssssssssssssssssss........s...ss... [ 79%]
..................s..........................sssssssssssssssssssssss.... [ 92%]
..................sss...................                                 [100%]
=============================== warnings summary ===============================
<frozen abc>:106
<frozen abc>:106
  <frozen abc>:106: DeprecationWarning: You should use `Logger` instead. Deprecated since version 1.39.0 and will be removed in a future release.

<frozen abc>:106
<frozen abc>:106
  <frozen abc>:106: DeprecationWarning: You should use `LoggerProvider` instead. Deprecated since version 1.39.0 and will be removed in a future release.

../../../.venv/lib/python3.11/site-packages/opentelemetry/_events/__init__.py:201
  /Users/pythagor/nexus/.venv/lib/python3.11/site-packages/opentelemetry/_events/__init__.py:201: DeprecationWarning: You should use `ProxyLoggerProvider` instead. Deprecated since version 1.39.0 and will be removed in a future release.
    _PROXY_EVENT_LOGGER_PROVIDER = ProxyEventLoggerProvider()

<frozen importlib._bootstrap>:241
  <frozen importlib._bootstrap>:241: DeprecationWarning: builtin type SwigPyPacked has no __module__ attribute

<frozen importlib._bootstrap>:241
  <frozen importlib._bootstrap>:241: DeprecationWarning: builtin type SwigPyObject has no __module__ attribute

-- Docs: https://docs.pytest.org/en/stable/how-to/capture-warnings.html
secret-store guard: active; nexus-api: denied; disposable keychain: denied
408 passed, 136 skipped, 7 warnings in 29.46s
