
> nexus-ui@1.0.0 resolve-state-surfaces
> node scripts/resolve-state-surfaces.mjs

[33mThe CJS build of Vite's Node API is deprecated. See https://vite.dev/guide/troubleshooting.html#vite-cjs-node-api-deprecated for more details.[39m
[baseline-browser-mapping] The data in this module is over two months old.  To ensure accurate Baseline data, please update: `npm i baseline-browser-mapping@latest -D`
Browserslist: browsers data (caniuse-lite) is 12 months old. Please run:
  npx update-browserslist-db@latest
  Why you should do it regularly: https://github.com/browserslist/update-db#readme
node_modules/@arwes/frames/build/esm/internal/formatFrameDimension.js (9:18): Use of eval in "node_modules/@arwes/frames/build/esm/internal/formatFrameDimension.js" is strongly discouraged as it poses security risks and may cause issues with minification.
Resolving w1101-1279/pointer=fine/reduce/Veil…
Completed w1101-1279/pointer=fine/reduce/Veil; renders=74; wall=38.932s
Calibration Veil: {"memory":{"opaqueMaximum":0.00026414815709771805,"translucentMaximum":0,"skippedPairs":0},"delete":{"opaqueMaximum":0.006002891112468775,"translucentMaximum":0.012334576619474699,"skippedPairs":0},"key":{"opaqueMaximum":0.030457571214044847,"translucentMaximum":0.013459005795140349,"skippedPairs":0},"map":{"opaqueMaximum":0.07468917510215183,"translucentMaximum":0.4165404892186375,"skippedPairs":20}}; passed
Resolving w1101-1279/pointer=fine/reduce/Gilded…
Painted capture progress: renders=84; wall=48.221s
Completed w1101-1279/pointer=fine/reduce/Gilded; renders=148; wall=73.843s
Calibration Gilded: {"memory":{"opaqueMaximum":0.0002619007277823465,"translucentMaximum":0,"skippedPairs":0},"delete":{"opaqueMaximum":0.008785869899490675,"translucentMaximum":0.0079023496576129,"skippedPairs":0},"key":{"opaqueMaximum":0.04713082389726427,"translucentMaximum":0.02240636952243324,"skippedPairs":0},"map":{"opaqueMaximum":0.07196338979953294,"translucentMaximum":0.4249545915725878,"skippedPairs":19}}; passed
Resolving w1101-1279/pointer=fine/reduce/Vector…
Painted capture progress: renders=166; wall=93.222s
Completed w1101-1279/pointer=fine/reduce/Vector; renders=222; wall=108.998s
Calibration Vector: {"memory":{"opaqueMaximum":0.0003181767847390889,"translucentMaximum":0,"skippedPairs":0},"delete":{"opaqueMaximum":0.029118582412838427,"translucentMaximum":0.02152663851962112,"skippedPairs":0},"key":{"opaqueMaximum":0.011120218162869937,"translucentMaximum":0.003968024121739456,"skippedPairs":0},"map":{"opaqueMaximum":0.08088889823513667,"translucentMaximum":0.500656347153232,"skippedPairs":19}}; passed
Resolving w1-639/pointer=fine/motion/trough/Vector…
Resolving w1-639/pointer=coarse/motion/start/Veil…
Resolving w1-639/pointer=coarse/motion/trough/Veil…
Resolving w1-639/pointer=fine/motion/start/Veil…
Resolving w1-639/pointer=coarse/motion/start/Vector…
Resolving w1-639/pointer=fine/motion/trough/Veil…
Resolving w1-639/pointer=fine/motion/start/Vector…
Resolving w1-639/pointer=fine/motion/start/Gilded…
Resolving w1-639/pointer=coarse/motion/trough/Gilded…
Resolving w1-639/pointer=fine/motion/trough/Gilded…
Resolving w1-639/pointer=coarse/motion/trough/Vector…
Resolving w1-639/pointer=coarse/motion/start/Gilded…
Painted capture progress: renders=1400; wall=138.223s
Painted capture progress: renders=2930; wall=183.223s
Painted capture progress: renders=5072; wall=228.223s
Painted capture progress: renders=8148; wall=273.223s
Painted capture progress: renders=11332; wall=318.223s
Completed w1-639/pointer=coarse/motion/trough/Vector; renders=12349; wall=332.751s
Completed w1-639/pointer=fine/motion/start/Vector; renders=12349; wall=332.751s
Completed w1-639/pointer=coarse/motion/start/Vector; renders=12901; wall=341.878s
Completed w1-639/pointer=fine/motion/trough/Vector; renders=13019; wall=344.038s
Painted capture progress: renders=13997; wall=363.223s
Completed w1-639/pointer=fine/motion/start/Veil; renders=14513; wall=373.003s
Completed w1-639/pointer=coarse/motion/trough/Gilded; renders=14829; wall=380.193s
Completed w1-639/pointer=coarse/motion/trough/Veil; renders=15130; wall=388.094s
Completed w1-639/pointer=fine/motion/trough/Veil; renders=15207; wall=390.299s
Completed w1-639/pointer=coarse/motion/start/Veil; renders=15213; wall=390.507s
Completed w1-639/pointer=coarse/motion/start/Gilded; renders=15251; wall=392.176s
Completed w1-639/pointer=fine/motion/trough/Gilded; renders=15255; wall=392.442s
Completed w1-639/pointer=fine/motion/start/Gilded; renders=15262; wall=393.311s
Resolved painted state surfaces: renders=15262; wall=393.314s; Chromium 153.0.8010.12; Playwright 1.63.0
Emulation: 1200×900 default; deviceScaleFactor=4; dark; reduced motion; 4 media conditions; file://; network aborted; requests=0; errors=0
Wrote /tmp/nexus-777-shell-ui-4ae8b8d2/capture/shards/batch-2.json; module graph=2098 inputs; SHA-256 e69f417601220083703cf197f442b44969eebede7debeafa8dffcd4516b0d68f
