
> nexus-ui@1.0.0 resolve-state-surfaces
> node scripts/resolve-state-surfaces.mjs

[33mThe CJS build of Vite's Node API is deprecated. See https://vite.dev/guide/troubleshooting.html#vite-cjs-node-api-deprecated for more details.[39m
[baseline-browser-mapping] The data in this module is over two months old.  To ensure accurate Baseline data, please update: `npm i baseline-browser-mapping@latest -D`
Browserslist: browsers data (caniuse-lite) is 12 months old. Please run:
  npx update-browserslist-db@latest
  Why you should do it regularly: https://github.com/browserslist/update-db#readme
node_modules/@arwes/frames/build/esm/internal/formatFrameDimension.js (9:18): Use of eval in "node_modules/@arwes/frames/build/esm/internal/formatFrameDimension.js" is strongly discouraged as it poses security risks and may cause issues with minification.
Resolving w1101-1279/pointer=fine/reduce/Veil…
Completed w1101-1279/pointer=fine/reduce/Veil; renders=74; wall=38.862s
Calibration Veil: {"memory":{"opaqueMaximum":0.00026414815709771805,"translucentMaximum":0,"skippedPairs":0},"delete":{"opaqueMaximum":0.006002891112468775,"translucentMaximum":0.012334576619474699,"skippedPairs":0},"key":{"opaqueMaximum":0.030457571214044847,"translucentMaximum":0.013459005795140349,"skippedPairs":0},"map":{"opaqueMaximum":0.07468917510215183,"translucentMaximum":0.4165404892186375,"skippedPairs":20}}; passed
Resolving w1101-1279/pointer=fine/reduce/Gilded…
Painted capture progress: renders=84; wall=48.283s
Completed w1101-1279/pointer=fine/reduce/Gilded; renders=148; wall=73.832s
Calibration Gilded: {"memory":{"opaqueMaximum":0.0002619007277823465,"translucentMaximum":0,"skippedPairs":0},"delete":{"opaqueMaximum":0.008785869899490675,"translucentMaximum":0.0079023496576129,"skippedPairs":0},"key":{"opaqueMaximum":0.04713082389726427,"translucentMaximum":0.02240636952243324,"skippedPairs":0},"map":{"opaqueMaximum":0.07196338979953294,"translucentMaximum":0.4249545915725878,"skippedPairs":19}}; passed
Resolving w1101-1279/pointer=fine/reduce/Vector…
Painted capture progress: renders=166; wall=93.285s
Completed w1101-1279/pointer=fine/reduce/Vector; renders=222; wall=108.999s
Calibration Vector: {"memory":{"opaqueMaximum":0.0003181767847390889,"translucentMaximum":0,"skippedPairs":0},"delete":{"opaqueMaximum":0.029118582412838427,"translucentMaximum":0.02152663851962112,"skippedPairs":0},"key":{"opaqueMaximum":0.011120218162869937,"translucentMaximum":0.003968024121739456,"skippedPairs":0},"map":{"opaqueMaximum":0.08088889823513667,"translucentMaximum":0.500656347153232,"skippedPairs":19}}; passed
Resolving w768-1023/pointer=fine/motion/start/Gilded…
Resolving w768-1023/pointer=fine/motion/start/Vector…
Resolving w768-1023/pointer=fine/reduce/Vector…
Resolving w768-1023/pointer=fine/motion/trough/Veil…
Resolving w1024-1100/pointer=fine/reduce/Veil…
Resolving w768-1023/pointer=fine/reduce/Gilded…
Resolving w768-1023/pointer=fine/motion/trough/Vector…
Resolving w768-1023/pointer=fine/reduce/Veil…
Resolving w768-1023/pointer=fine/motion/start/Veil…
Resolving w768-1023/pointer=fine/motion/trough/Gilded…
Resolving w1024-1100/pointer=fine/reduce/Vector…
Resolving w1024-1100/pointer=fine/reduce/Gilded…
Painted capture progress: renders=1423; wall=138.285s
Painted capture progress: renders=2941; wall=183.285s
Painted capture progress: renders=5136; wall=228.285s
Painted capture progress: renders=8333; wall=273.285s
Painted capture progress: renders=11691; wall=318.285s
Completed w768-1023/pointer=fine/reduce/Vector; renders=12122; wall=324.144s
Completed w1024-1100/pointer=fine/reduce/Vector; renders=12130; wall=324.295s
Completed w768-1023/pointer=fine/motion/trough/Vector; renders=12957; wall=337.266s
Completed w768-1023/pointer=fine/motion/start/Vector; renders=13083; wall=339.283s
Painted capture progress: renders=14403; wall=363.286s
Completed w768-1023/pointer=fine/reduce/Gilded; renders=14556; wall=366.216s
Completed w1024-1100/pointer=fine/reduce/Gilded; renders=14748; wall=370.131s
Completed w1024-1100/pointer=fine/reduce/Veil; renders=14963; wall=375.344s
Completed w768-1023/pointer=fine/reduce/Veil; renders=14966; wall=375.413s
Completed w768-1023/pointer=fine/motion/trough/Veil; renders=15235; wall=385.364s
Completed w768-1023/pointer=fine/motion/start/Veil; renders=15257; wall=386.344s
Completed w768-1023/pointer=fine/motion/trough/Gilded; renders=15259; wall=386.426s
Completed w768-1023/pointer=fine/motion/start/Gilded; renders=15262; wall=386.795s
Resolved painted state surfaces: renders=15262; wall=386.799s; Chromium 153.0.8010.12; Playwright 1.63.0
Emulation: 1200×900 default; deviceScaleFactor=4; dark; reduced motion; 4 media conditions; file://; network aborted; requests=0; errors=0
Wrote /tmp/nexus-777-shell-ui-4ae8b8d2/capture/shards/batch-5.json; module graph=2098 inputs; SHA-256 e69f417601220083703cf197f442b44969eebede7debeafa8dffcd4516b0d68f
