{
  "source_head": "3a146419ef535850f7cab28beb540ef74d32783d",
  "legacy_receipt_oid": "70925b79f007e7e632b063ba2434cb68d7769da404fca6b9e60295081c36a6e4",
  "legacy_conditions_compared": 27,
  "new_coarse_conditions": [
    "w1-639/pointer=coarse/reduce",
    "w1-639/pointer=coarse/motion/start",
    "w1-639/pointer=coarse/motion/trough",
    "w640-760/pointer=coarse/reduce",
    "w640-760/pointer=coarse/motion/start",
    "w640-760/pointer=coarse/motion/trough"
  ],
  "counts": {
    "compared": 101520,
    "identical_stable_fields": 78714,
    "metadata_only_changed": 7014,
    "narrow_changed": 21972,
    "metric_changed": 15792,
    "wide_changed": 834
  },
  "changed_by_condition": {
    "w1-639/pointer=fine/reduce": 3662,
    "w1-639/pointer=fine/motion/start": 3662,
    "w1-639/pointer=fine/motion/trough": 3662,
    "w640-760/pointer=fine/reduce": 3662,
    "w640-760/pointer=fine/motion/start": 3662,
    "w640-760/pointer=fine/motion/trough": 3662,
    "w761-767/pointer=fine/reduce": 74,
    "w761-767/pointer=fine/motion/start": 88,
    "w761-767/pointer=fine/motion/trough": 28,
    "w768-1023/pointer=fine/reduce": 40,
    "w768-1023/pointer=fine/motion/start": 48,
    "w768-1023/pointer=fine/motion/trough": 68,
    "w1024-1100/pointer=fine/reduce": 40,
    "w1024-1100/pointer=fine/motion/start": 34,
    "w1101-1279/pointer=fine/motion/start": 14,
    "w1101-1279/pointer=fine/motion/trough": 34,
    "w1280/pointer=fine/reduce": 48,
    "w1280/pointer=fine/motion/trough": 82,
    "w1281-1535/pointer=fine/reduce": 34,
    "w1281-1535/pointer=fine/motion/start": 20,
    "w1281-1535/pointer=fine/motion/trough": 34,
    "w1536+/pointer=fine/reduce": 40,
    "w1536+/pointer=fine/motion/start": 54,
    "w1536+/pointer=fine/motion/trough": 54
  },
  "comparison_fields": {
    "painted_metrics": [
      "meanLinear",
      "controlMeanLinear",
      "maskSize",
      "coreSize",
      "histogram",
      "width",
      "height",
      "effectiveOpacity"
    ],
    "geometry": [
      "box"
    ],
    "interactions": [
      "selector",
      "pseudos",
      "target",
      "stateAttributes",
      "animationsRunning",
      "mapPart"
    ],
    "settleCriteria": "all fields recursively except settleWaitMs and signature"
  },
  "excluded_observational_fields": [
    "action prose",
    "settleWaitMs",
    "settleCriteria timings and DOM signature",
    "capture filenames"
  ],
  "interpretation": "Every changed sample is named; causes require source/geometry review, not automatic acceptance."
}
